mode: set
schedule-api/main.go:35.2,35.58 1 1
schedule-api/main.go:36.3,36.53 1 1
schedule-api/main.go:37.4,38.17 2 1
schedule-api/main.go:39.5,40.1 1 1
schedule-api/main.go:44.2,44.38 1 1
schedule-api/main.go:45.3,46.1 1 1
schedule-api/main.go:47.2,47.17 1 1
schedule-api/main.go:53.2,53.51 1 1
schedule-api/main.go:54.3,55.1 1 1
schedule-api/main.go:57.2,57.49 1 1
schedule-api/main.go:58.3,59.1 1 0
schedule-api/main.go:61.2,62.44 2 1
schedule-api/main.go:63.3,64.1 1 1
schedule-api/main.go:66.2,67.48 2 0
schedule-api/main.go:68.3,69.1 1 0
schedule-api/main.go:70.2,70.21 1 0
schedule-api/main.go:77.2,78.16 2 1
schedule-api/main.go:79.3,80.1 1 1
schedule-api/main.go:83.2,84.25 2 1
schedule-api/main.go:85.3,87.17 3 1
schedule-api/main.go:88.4,89.1 1 0
schedule-api/main.go:90.3,90.19 1 1
schedule-api/main.go:94.2,96.18 3 1
schedule-api/main.go:108.2,108.21 1 1
schedule-api/main.go:109.3,110.1 1 1
schedule-api/main.go:111.2,111.21 1 0
schedule-api/main.go:112.3,113.1 1 0
schedule-api/main.go:114.2,114.18 1 0
schedule-api/main.go:137.2,139.1 2 1
schedule-api/main.go:143.2,148.1 5 1
schedule-api/main.go:152.2,154.1 4 1
schedule-api/main.go:155.2,156.34 4 1
schedule-api/main.go:157.3,160.1 3 0
schedule-api/main.go:162.2,164.12 3 1
schedule-api/main.go:169.2,171.22 3 1
schedule-api/main.go:172.3,173.1 1 0
schedule-api/main.go:174.2,174.23 1 1
schedule-api/main.go:179.2,181.20 3 1
schedule-api/main.go:182.3,183.1 1 0
schedule-api/main.go:184.2,186.15 3 1
schedule-api/main.go:198.2,201.1 2 1
schedule-api/main.go:202.2,202.12 2 1
schedule-api/main.go:203.3,204.22 2 1
schedule-api/main.go:205.4,206.1 1 0
schedule-api/main.go:208.2,208.10 1 1
schedule-api/main.go:213.2,216.1 7 1
schedule-api/main.go:217.2,221.1 7 1
schedule-api/main.go:225.2,225.17 1 1
schedule-api/main.go:226.3,227.1 1 1
schedule-api/main.go:228.2,231.1 4 1
schedule-api/main.go:232.2,232.44 4 1
schedule-api/main.go:233.3,233.13 1 1
schedule-api/main.go:234.4,235.1 1 1
schedule-api/main.go:236.3,236.15 1 1
schedule-api/main.go:238.2,238.13 1 1
schedule-api/main.go:243.2,246.1 3 1
schedule-api/main.go:250.2,253.33 4 1
schedule-api/main.go:254.3,254.21 1 0
schedule-api/main.go:255.4,256.1 1 0
schedule-api/main.go:280.2,285.1 2 1
schedule-api/main.go:286.2,286.12 2 1
schedule-api/main.go:287.3,288.22 2 1
schedule-api/main.go:289.4,290.1 1 0
schedule-api/main.go:292.2,292.11 1 1
schedule-api/main.go:297.2,300.9 4 1
schedule-api/main.go:301.3,302.1 1 1
schedule-api/main.go:303.2,304.31 2 1
schedule-api/main.go:305.3,306.1 1 1
schedule-api/main.go:307.2,307.17 1 1
schedule-api/main.go:312.2,316.47 5 1
schedule-api/main.go:317.3,320.1 3 1
schedule-api/main.go:321.2,323.28 3 1
schedule-api/main.go:324.3,325.1 1 1
schedule-api/main.go:330.2,333.1 3 1
schedule-api/main.go:337.2,340.32 4 0
schedule-api/main.go:341.3,341.69 1 0
schedule-api/main.go:342.4,343.1 1 0
schedule-api/main.go:356.2,356.55 1 1
schedule-api/main.go:357.3,359.1 2 1
schedule-api/main.go:360.2,360.51 1 1
schedule-api/main.go:361.3,362.1 1 1
schedule-api/main.go:363.2,364.16 2 1
schedule-api/main.go:365.3,366.1 1 0
schedule-api/main.go:367.2,367.13 1 1
schedule-api/main.go:372.2,373.18 2 1
schedule-api/main.go:374.3,375.1 1 1
schedule-api/main.go:376.2,380.57 5 1
schedule-api/main.go:386.2,386.80 1 1
schedule-api/main.go:387.3,388.1 1 1
schedule-api/main.go:390.2,391.40 2 1
schedule-api/main.go:392.3,393.1 1 0
schedule-api/main.go:394.2,394.32 1 1
schedule-api/main.go:404.2,405.36 2 1
schedule-api/main.go:406.3,408.1 2 0
schedule-api/main.go:409.2,409.33 1 1
schedule-api/main.go:410.3,412.1 2 1
schedule-api/main.go:414.2,415.60 2 1
schedule-api/main.go:416.3,421.1 5 1
schedule-api/main.go:423.2,424.16 2 1
schedule-api/main.go:425.3,429.1 4 0
schedule-api/main.go:431.2,432.73 2 1
schedule-api/main.go:433.3,437.1 4 0
schedule-api/main.go:440.2,440.100 1 1
schedule-api/main.go:441.3,442.1 6 1
schedule-api/main.go:443.3,448.1 6 1
schedule-api/main.go:451.2,453.1 7 1
schedule-api/main.go:454.2,464.1 7 1
schedule-api/main.go:465.2,467.70 7 1
schedule-api/main.go:472.2,473.36 2 1
schedule-api/main.go:474.3,476.1 2 0
schedule-api/main.go:477.2,477.33 1 1
schedule-api/main.go:478.3,480.1 2 0
schedule-api/main.go:482.2,483.17 2 1
schedule-api/main.go:484.3,485.1 1 1
schedule-api/main.go:487.2,495.1 3 1
schedule-api/main.go:496.2,497.37 3 1
schedule-api/main.go:502.2,503.36 2 1
schedule-api/main.go:504.3,506.1 2 0
schedule-api/main.go:507.2,507.32 1 1
schedule-api/main.go:508.3,510.1 2 0
schedule-api/main.go:512.2,514.1 4 1
schedule-api/main.go:515.2,516.69 4 1
schedule-api/main.go:522.2,523.47 2 1
schedule-api/main.go:524.3,525.1 1 0
schedule-api/main.go:527.2,528.58 2 1
schedule-api/main.go:529.3,530.1 1 0
schedule-api/main.go:532.2,532.55 1 1
schedule-api/main.go:534.3,534.72 1 0
schedule-api/main.go:535.4,536.1 1 0
schedule-api/main.go:537.3,537.25 1 0
schedule-api/main.go:539.2,539.12 1 1
schedule-api/main.go:548.2,549.34 2 1
schedule-api/main.go:550.3,551.1 1 0
schedule-api/main.go:553.2,555.54 3 1
schedule-api/main.go:556.3,557.1 1 0
schedule-api/main.go:559.2,563.1 7 1
schedule-api/main.go:565.2,566.1 7 1
schedule-api/main.go:568.2,569.16 7 1
schedule-api/main.go:570.3,571.1 1 0
schedule-api/main.go:573.2,574.28 2 1
schedule-api/main.go:575.3,575.98 1 1
schedule-api/main.go:576.4,577.1 1 1
schedule-api/main.go:580.2,580.40 1 1
schedule-api/main.go:582.3,583.33 2 1
schedule-api/main.go:584.4,585.1 1 1
schedule-api/main.go:598.2,599.36 2 1
schedule-api/main.go:600.3,602.1 2 0
schedule-api/main.go:604.2,605.35 2 1
schedule-api/main.go:606.3,610.1 4 1
schedule-api/main.go:612.2,614.1 3 1
schedule-api/main.go:616.2,616.32 3 1
schedule-api/main.go:617.3,619.17 3 1
schedule-api/main.go:620.4,620.30 1 1
schedule-api/main.go:621.5,621.100 1 1
schedule-api/main.go:622.6,624.21 3 1
schedule-api/main.go:625.7,626.1 1 1
schedule-api/main.go:628.6,632.20 5 1
schedule-api/main.go:633.7,634.1 1 1
schedule-api/main.go:635.6,639.8 1 1
schedule-api/main.go:644.3,644.18 1 1
schedule-api/main.go:645.4,646.1 1 0
schedule-api/main.go:648.3,651.9 4 1
schedule-api/main.go:655.2,655.33 1 1
schedule-api/main.go:656.3,658.1 3 1
schedule-api/main.go:659.3,660.74 3 1
schedule-api/main.go:661.4,665.1 4 0
schedule-api/main.go:668.3,669.114 2 1
schedule-api/main.go:670.4,674.1 4 1
schedule-api/main.go:676.3,678.17 3 1
schedule-api/main.go:679.4,683.1 4 1
schedule-api/main.go:686.3,687.54 2 1
schedule-api/main.go:688.4,692.1 4 1
schedule-api/main.go:695.3,696.1 2 1
schedule-api/main.go:698.3,698.57 2 1
schedule-api/main.go:699.4,703.1 4 0
schedule-api/main.go:705.3,707.1 6 1
schedule-api/main.go:708.3,711.9 6 1
schedule-api/main.go:714.2,714.21 1 0
schedule-api/main.go:721.2,722.1 2 1
schedule-api/main.go:723.2,723.36 2 1
schedule-api/main.go:724.3,726.1 2 1
schedule-api/main.go:729.2,729.32 1 1
schedule-api/main.go:730.3,731.1 2 1
schedule-api/main.go:733.3,733.104 2 1
schedule-api/main.go:734.4,737.1 3 1
schedule-api/main.go:739.3,743.9 5 1
schedule-api/main.go:747.2,747.33 1 1
schedule-api/main.go:748.3,749.60 2 1
schedule-api/main.go:750.4,755.1 5 1
schedule-api/main.go:757.3,758.1 3 1
schedule-api/main.go:759.3,760.1 3 1
schedule-api/main.go:761.3,761.37 3 1
schedule-api/main.go:762.4,762.95 1 0
schedule-api/main.go:763.5,764.1 1 0
schedule-api/main.go:767.3,767.22 1 1
schedule-api/main.go:768.4,773.1 5 1
schedule-api/main.go:776.3,777.17 2 1
schedule-api/main.go:778.4,782.1 4 0
schedule-api/main.go:784.3,785.54 2 1
schedule-api/main.go:786.4,790.1 4 1
schedule-api/main.go:792.3,793.17 2 1
schedule-api/main.go:794.4,798.1 4 0
schedule-api/main.go:801.3,802.1 2 1
schedule-api/main.go:804.3,804.66 2 1
schedule-api/main.go:805.4,809.1 4 0
schedule-api/main.go:811.3,813.1 7 1
schedule-api/main.go:814.3,818.9 7 1
schedule-api/main.go:821.2,821.21 1 0
schedule-api/main.go:828.2,828.34 1 0
schedule-api/main.go:829.3,830.1 1 0
schedule-api/main.go:832.2,832.12 1 0
schedule-api/main.go:833.3,834.7 2 0
schedule-api/main.go:835.4,836.18 2 0
schedule-api/main.go:837.5,838.1 1 0
schedule-api/main.go:845.2,847.1 3 0
schedule-api/main.go:848.2,848.21 3 0
schedule-api/main.go:849.3,850.17 2 0
schedule-api/main.go:851.4,852.1 1 0
schedule-api/main.go:853.3,854.13 2 0
schedule-api/main.go:857.2,860.1 4 0
schedule-api/main.go:862.2,862.53 4 0
schedule-api/main.go:863.3,864.1 1 0
schedule-api/main.go:865.3,867.1 2 0
schedule-api/main.go:869.2,870.1 12 0
schedule-api/main.go:871.2,878.1 12 0
schedule-api/main.go:879.2,885.1 12 0
schedule-api/main.go:887.2,889.1 12 0
schedule-api/main.go:890.2,890.12 12 0
schedule-api/main.go:891.3,891.77 1 0
schedule-api/main.go:892.4,893.1 1 0
schedule-api/main.go:896.2,898.1 5 0
schedule-api/main.go:899.2,901.1 5 0
schedule-api/main.go:902.2,902.50 5 0
schedule-api/main.go:903.3,904.1 1 0
schedule-api/main.go:905.2,905.39 1 0
